2025-11-04 21:07:09 | INFO     | app.main | Starting application initialization...
2025-11-04 21:07:09 | INFO     | app.main | MongoDB client created
2025-11-04 21:07:09 | INFO     | app.database | Initializing database: task-genie
2025-11-04 21:07:09 | INFO     | app.database | Database models registered successfully
2025-11-04 21:07:09 | INFO     | app.main | Database initialized
2025-11-04 21:07:09 | INFO     | app.bot.dispatcher | Setting up dispatcher with Redis storage
2025-11-04 21:07:09 | INFO     | app.bot.dispatcher | Dispatcher setup complete with all routers registered
2025-11-04 21:07:09 | INFO     | app.main | Dispatcher configured with handlers
2025-11-04 21:07:11 | INFO     | app.main | Webhook set to: https://disquietly-nonparabolical-mayson.ngrok-free.dev/webhook
2025-11-04 21:07:11 | INFO     | app.main | Bot commands menu configured
2025-11-04 21:07:11 | INFO     | app.main | ✅ Bot initialized successfully with Redis FSM storage
2025-11-04 21:07:15 | INFO     | app.main | Starting application initialization...
2025-11-04 21:07:15 | INFO     | app.main | MongoDB client created
2025-11-04 21:07:15 | INFO     | app.database | Initializing database: task-genie
2025-11-04 21:07:15 | INFO     | app.database | Database models registered successfully
2025-11-04 21:07:15 | INFO     | app.main | Database initialized
2025-11-04 21:07:15 | INFO     | app.bot.dispatcher | Setting up dispatcher with Redis storage
2025-11-04 21:07:15 | INFO     | app.bot.dispatcher | Dispatcher setup complete with all routers registered
2025-11-04 21:07:15 | INFO     | app.main | Dispatcher configured with handlers
2025-11-04 21:07:18 | INFO     | app.main | Webhook set to: https://disquietly-nonparabolical-mayson.ngrok-free.dev/webhook
2025-11-04 21:07:18 | INFO     | app.main | Bot commands menu configured
2025-11-04 21:07:18 | INFO     | app.main | ✅ Bot initialized successfully with Redis FSM storage
2025-11-04 21:07:37 | INFO     | app.main | Shutting down application...
2025-11-04 21:07:39 | INFO     | app.main | 🛑 Bot shut down gracefully
2025-11-04 21:07:42 | INFO     | app.main | Starting application initialization...
2025-11-04 21:07:42 | INFO     | app.main | MongoDB client created
2025-11-04 21:07:42 | INFO     | app.database | Initializing database: task-genie
2025-11-04 21:07:42 | INFO     | app.database | Database models registered successfully
2025-11-04 21:07:42 | INFO     | app.main | Database initialized
2025-11-04 21:07:42 | INFO     | app.bot.dispatcher | Setting up dispatcher with Redis storage
2025-11-04 21:07:42 | INFO     | app.bot.dispatcher | Dispatcher setup complete with all routers registered
2025-11-04 21:07:42 | INFO     | app.main | Dispatcher configured with handlers
2025-11-04 21:07:44 | INFO     | app.main | Webhook set to: https://disquietly-nonparabolical-mayson.ngrok-free.dev/webhook
2025-11-04 21:07:45 | INFO     | app.main | Bot commands menu configured
2025-11-04 21:07:45 | INFO     | app.main | ✅ Bot initialized successfully with Redis FSM storage
2025-11-04 21:08:09 | INFO     | app.main | Shutting down application...
2025-11-04 21:08:10 | INFO     | app.main | 🛑 Bot shut down gracefully
2025-11-04 21:08:13 | INFO     | app.main | Starting application initialization...
2025-11-04 21:08:13 | INFO     | app.main | MongoDB client created
2025-11-04 21:08:13 | INFO     | app.database | Initializing database: task-genie
2025-11-04 21:08:13 | INFO     | app.database | Database models registered successfully
2025-11-04 21:08:13 | INFO     | app.main | Database initialized
2025-11-04 21:08:13 | INFO     | app.bot.dispatcher | Setting up dispatcher with Redis storage
2025-11-04 21:08:13 | INFO     | app.bot.dispatcher | Dispatcher setup complete with all routers registered
2025-11-04 21:08:13 | INFO     | app.main | Dispatcher configured with handlers
2025-11-04 21:08:15 | INFO     | app.main | Webhook set to: https://disquietly-nonparabolical-mayson.ngrok-free.dev/webhook
2025-11-04 21:08:17 | INFO     | app.main | Bot commands menu configured
2025-11-04 21:08:17 | INFO     | app.main | ✅ Bot initialized successfully with Redis FSM storage
2025-11-04 21:08:38 | INFO     | app.main | Shutting down application...
2025-11-04 21:08:41 | ERROR    | app.main | Error during application lifecycle: HTTP Client says - ClientConnectorError: Cannot connect to host api.telegram.org:443 ssl:default [Connection reset by peer]
Traceback (most recent call last):
  File "/home/vasu/personal/js-stuff/task-genie/.venv/lib/python3.11/site-packages/aiohttp/connector.py", line 1283, in _wrap_create_connection
    return await self._loop.create_connection(*args, **kwargs, sock=sock)
           ^^^^^^^^^^^^^^^^^^^^^^^^^^^^^^^^^^^^^^^^^^^^^^^^^^^^^^^^^^^^^^
  File "/home/vasu/.local/share/mise/installs/python/3.11.13/lib/python3.11/asyncio/base_events.py", line 1113, in create_connection
    transport, protocol = await self._create_connection_transport(
                          ^^^^^^^^^^^^^^^^^^^^^^^^^^^^^^^^^^^^^^^^
  File "/home/vasu/.local/share/mise/installs/python/3.11.13/lib/python3.11/asyncio/base_events.py", line 1146, in _create_connection_transport
    await waiter
  File "/home/vasu/.local/share/mise/installs/python/3.11.13/lib/python3.11/asyncio/selector_events.py", line 974, in _read_ready__get_buffer
    nbytes = self._sock.recv_into(buf)
             ^^^^^^^^^^^^^^^^^^^^^^^^^
ConnectionResetError: [Errno 104] Connection reset by peer

The above exception was the direct cause of the following exception:

Traceback (most recent call last):
  File "/home/vasu/personal/js-stuff/task-genie/.venv/lib/python3.11/site-packages/aiogram/client/session/aiohttp.py", line 177, in make_request
    async with session.post(
  File "/home/vasu/personal/js-stuff/task-genie/.venv/lib/python3.11/site-packages/aiohttp/client.py", line 1488, in __aenter__
    self._resp: _RetType = await self._coro
                           ^^^^^^^^^^^^^^^^
  File "/home/vasu/personal/js-stuff/task-genie/.venv/lib/python3.11/site-packages/aiohttp/client.py", line 770, in _request
    resp = await handler(req)
           ^^^^^^^^^^^^^^^^^^
  File "/home/vasu/personal/js-stuff/task-genie/.venv/lib/python3.11/site-packages/aiohttp/client.py", line 725, in _connect_and_send_request
    conn = await self._connector.connect(
           ^^^^^^^^^^^^^^^^^^^^^^^^^^^^^^
  File "/home/vasu/personal/js-stuff/task-genie/.venv/lib/python3.11/site-packages/aiohttp/connector.py", line 642, in connect
    proto = await self._create_connection(req, traces, timeout)
            ^^^^^^^^^^^^^^^^^^^^^^^^^^^^^^^^^^^^^^^^^^^^^^^^^^^
  File "/home/vasu/personal/js-stuff/task-genie/.venv/lib/python3.11/site-packages/aiohttp/connector.py", line 1209, in _create_connection
    _, proto = await self._create_direct_connection(req, traces, timeout)
               ^^^^^^^^^^^^^^^^^^^^^^^^^^^^^^^^^^^^^^^^^^^^^^^^^^^^^^^^^^
  File "/home/vasu/personal/js-stuff/task-genie/.venv/lib/python3.11/site-packages/aiohttp/connector.py", line 1581, in _create_direct_connection
    raise last_exc
  File "/home/vasu/personal/js-stuff/task-genie/.venv/lib/python3.11/site-packages/aiohttp/connector.py", line 1550, in _create_direct_connection
    transp, proto = await self._wrap_create_connection(
                    ^^^^^^^^^^^^^^^^^^^^^^^^^^^^^^^^^^^
  File "/home/vasu/personal/js-stuff/task-genie/.venv/lib/python3.11/site-packages/aiohttp/connector.py", line 1291, in _wrap_create_connection
    raise client_error(req.connection_key, exc) from exc
aiohttp.client_exceptions.ClientConnectorError: Cannot connect to host api.telegram.org:443 ssl:default [Connection reset by peer]

During handling of the above exception, another exception occurred:

Traceback (most recent call last):
  File "/home/vasu/personal/js-stuff/task-genie/app/main.py", line 54, in lifespan
    await bot.delete_webhook()
  File "/home/vasu/personal/js-stuff/task-genie/.venv/lib/python3.11/site-packages/aiogram/client/bot.py", line 1246, in delete_webhook
    return await self(call, request_timeout=request_timeout)
           ^^^^^^^^^^^^^^^^^^^^^^^^^^^^^^^^^^^^^^^^^^^^^^^^^
  File "/home/vasu/personal/js-stuff/task-genie/.venv/lib/python3.11/site-packages/aiogram/client/bot.py", line 485, in __call__
    return await self.session(self, method, timeout=request_timeout)
           ^^^^^^^^^^^^^^^^^^^^^^^^^^^^^^^^^^^^^^^^^^^^^^^^^^^^^^^^^
  File "/home/vasu/personal/js-stuff/task-genie/.venv/lib/python3.11/site-packages/aiogram/client/session/base.py", line 254, in __call__
    return cast(TelegramType, await middleware(bot, method))
                              ^^^^^^^^^^^^^^^^^^^^^^^^^^^^^
  File "/home/vasu/personal/js-stuff/task-genie/.venv/lib/python3.11/site-packages/aiogram/client/session/aiohttp.py", line 184, in make_request
    raise TelegramNetworkError(method=method, message=f"{type(e).__name__}: {e}")
aiogram.exceptions.TelegramNetworkError: HTTP Client says - ClientConnectorError: Cannot connect to host api.telegram.org:443 ssl:default [Connection reset by peer]
2025-11-04 21:12:55 | INFO     | app.bot.instance | Initializing Telegram Bot instance
2025-11-04 21:13:17 | INFO     | app.bot.instance | Initializing Telegram Bot instance
2025-11-04 21:14:39 | INFO     | app.bot.instance | Initializing Telegram Bot instance
2025-11-04 21:15:49 | INFO     | app.bot.instance | Initializing Telegram Bot instance
2025-11-04 21:16:10 | INFO     | app.bot.instance | Initializing Telegram Bot instance
